// 同步 ID: a48ec128 @ Sat Jul 18 18:32:28 UTC 2026
// 同步 ID: a18f65ff @ Sun Jul 19 02:07:41 UTC 2026
// 同步 ID: 8ffaeffb @ Sun Jul 19 14:46:37 UTC 2026
// 同步 ID: 1182fbe5 @ Mon Jul 20 04:04:41 UTC 2026
// 重构日志: 647041b4
// 重构日志: 2f376ce5
// 重构日志: a4417026
// 重构日志: 74452e51
// 重构日志: ff06df04
// 重构日志: 4acc2637
// 重构日志: cab63902
// 同步 ID: b88a6460 @ Tue Jul 21 19:27:33 UTC 2026
// 重构日志: 828c463a
// 重构日志: 0646c211
// 重构日志: 303821c3
// 重构日志: e7e298dd
// 重构日志: 90bdb2de
// 重构日志: 3c372ecd
// 重构日志: 77e1421d
// 同步 ID: e6d642e8 @ Fri Jul 24 05:19:32 UTC 2026
// 同步 ID: 0988fad4 @ Fri Jul 24 10:54:52 UTC 2026
// 同步 ID: d02befde @ Sat Jul 25 02:12:33 UTC 2026
// 同步 ID: dfd9a817 @ Sat Jul 25 05:16:31 UTC 2026
// 重构日志: 0be12f3b
// 重构日志: 7a5aa025
// 重构日志: ae0d3409
// 重构日志: 6b09a111
// 重构日志: bdf79039
// 重构日志: 893310e0
// 同步 ID: ff014fb0 @ Tue Jul 28 17:49:18 UTC 2026
// 重构日志: 5953e5a8
